[8:27:17 AM] [BOT] Starting Playwright browser bot...
[8:27:18 AM] [AUTH] Setting up wallet injection...
[8:27:18 AM] [AUTH] Navigating to kintara.gg...
[8:27:23 AM] [AUTH] Clicking Connect...
[8:27:25 AM] [AUTH] ✅ Logged in! Cookie: __Host-kintara_session=eyJwaWQiOjEzMjMsInci...
[8:27:25 AM] [PLAY] Setting up game.js interception...
[8:27:25 AM] [PLAY] Navigating to /play...
[8:27:26 AM] [PLAY] Intercepting game.js — injecting bot bridge...
[8:27:30 AM] [GAME] [BOT] Bridge injected ✓
[8:27:33 AM] [PLAY] Clicking PLAY...
[8:27:34 AM] [PLAY] ⚠️ PLAY button not found, trying to continue...
[8:27:37 AM] [PLAY] Selecting S1...
[8:27:46 AM] [GAME] Waiting for game to load...
[8:27:46 AM] [GAME] ✅ Game loaded!
[8:27:46 AM] [GAME] Equipping axe...
[8:27:46 AM] [GAME] Equipped slot: 0
[8:27:47 AM] [GAME] State: game=world char=(60,23) eq=0
[8:27:46 AM] [GAME] Backpack: wood=1500 stone=561 coal=621
[8:27:46 AM] [HARVEST] 🌲⛏️ Starting harvest loop...
[8:27:46 AM] [HARVEST] Waiting for resource data from snap...
[8:27:46 AM] [HARVEST] Resources found: 193 trees, 128 rocks
[8:27:47 AM] [HARVEST] ━━━ MODE: MINING ━━━
[8:27:47 AM] [HARVEST]    Sisa: 0 wood, 239 stone, 0 coal, 24 fish
[8:27:48 AM] [HARVEST]   ⛏️ 42 coal rocks, 86 stone rocks (coal first)
[8:27:49 AM] [HARVEST] → mining [9,59]...
[8:28:24 AM] [HARVEST]   ✅ +6 coal! (627/400)
[8:28:25 AM] [HARVEST] → mining [48,22]...
